Config file config.yaml is extended by additional config specified via the command line.
Assuming unrestricted shared filesystem usage.
host: frontend
Building DAG of jobs...
Using shell: /usr/bin/bash
Provided cores: 1 (use --cores to define parallelism)
Rules claiming more threads will be scaled down.
Provided resources: gpu=Resource("gpu", 1)
Job stats:
job                             count
----------------------------  -------
prepare_speech_accent_corpus        1
total                               1

Select jobs to execute...
Execute 1 jobs...
[Mon Apr 20 16:55:25 2026]
localrule prepare_speech_accent_corpus:
    input: /home/dist/noureddine.khaous/napster/accented-speech-recognition/data/raw/speech_accents
    output: /home/dist/noureddine.khaous/napster/accented-speech-recognition/data/processed/speech_accents/corpus.parquet
    jobid: 0
    reason: Missing output files: /home/dist/noureddine.khaous/napster/accented-speech-recognition/data/processed/speech_accents/corpus.parquet
    resources: tmpdir=/tmp
[Mon Apr 20 16:55:30 2026]
Finished jobid: 0 (Rule: prepare_speech_accent_corpus)
1 of 1 steps (100%) done
Complete log(s): /nfs/homes/noureddine.khaous/napster/accented-speech-recognition/.snakemake/log/2026-04-20T165524.553765.snakemake.log
